[0.662s] Invoking command in '/home/temis/Desktop/sensors_ws/src/flir_cam': PYTHONPATH=/home/temis/Desktop/sensors_ws/src/flir_cam/build/flir_cam/prefix_override:/usr/lib/python3/dist-packages/colcon_core/task/python/colcon_distutils_commands:/home/temis/Desktop/sensors_ws/src/flir_cam/install/flir_cam/lib/python3.10/site-packages:${PYTHONPATH} /usr/bin/python3 -W ignore:setup.py install is deprecated -W ignore:easy_install command is deprecated setup.py egg_info --egg-base build/flir_cam build --build-base /home/temis/Desktop/sensors_ws/src/flir_cam/build/flir_cam/build install --record /home/temis/Desktop/sensors_ws/src/flir_cam/build/flir_cam/install.log --install-scripts $base/lib/flir_cam --single-version-externally-managed install_data
[0.939s] running egg_info
[0.940s] creating build/flir_cam/flir_cam.egg-info
[0.940s] writing build/flir_cam/flir_cam.egg-info/PKG-INFO
[0.940s] writing dependency_links to build/flir_cam/flir_cam.egg-info/dependency_links.txt
[0.940s] writing entry points to build/flir_cam/flir_cam.egg-info/entry_points.txt
[0.940s] writing requirements to build/flir_cam/flir_cam.egg-info/requires.txt
[0.940s] writing top-level names to build/flir_cam/flir_cam.egg-info/top_level.txt
[0.940s] writing manifest file 'build/flir_cam/flir_cam.egg-info/SOURCES.txt'
[0.942s] reading manifest file 'build/flir_cam/flir_cam.egg-info/SOURCES.txt'
[0.942s] writing manifest file 'build/flir_cam/flir_cam.egg-info/SOURCES.txt'
[0.942s] running build
[0.942s] running build_py
[0.942s] creating /home/temis/Desktop/sensors_ws/src/flir_cam/build/flir_cam/build
[0.942s] creating /home/temis/Desktop/sensors_ws/src/flir_cam/build/flir_cam/build/lib
[0.943s] creating /home/temis/Desktop/sensors_ws/src/flir_cam/build/flir_cam/build/lib/flir_cam
[0.943s] copying flir_cam/__init__.py -> /home/temis/Desktop/sensors_ws/src/flir_cam/build/flir_cam/build/lib/flir_cam
[0.943s] running install
[0.943s] running install_lib
[0.944s] creating /home/temis/Desktop/sensors_ws/src/flir_cam/install/flir_cam/lib/python3.10/site-packages/flir_cam
[0.944s] copying /home/temis/Desktop/sensors_ws/src/flir_cam/build/flir_cam/build/lib/flir_cam/__init__.py -> /home/temis/Desktop/sensors_ws/src/flir_cam/install/flir_cam/lib/python3.10/site-packages/flir_cam
[0.944s] byte-compiling /home/temis/Desktop/sensors_ws/src/flir_cam/install/flir_cam/lib/python3.10/site-packages/flir_cam/__init__.py to __init__.cpython-310.pyc
[0.944s] running install_data
[0.944s] creating /home/temis/Desktop/sensors_ws/src/flir_cam/install/flir_cam/share/ament_index
[0.944s] creating /home/temis/Desktop/sensors_ws/src/flir_cam/install/flir_cam/share/ament_index/resource_index
[0.945s] creating /home/temis/Desktop/sensors_ws/src/flir_cam/install/flir_cam/share/ament_index/resource_index/packages
[0.945s] copying resource/flir_cam -> /home/temis/Desktop/sensors_ws/src/flir_cam/install/flir_cam/share/ament_index/resource_index/packages
[0.945s] copying package.xml -> /home/temis/Desktop/sensors_ws/src/flir_cam/install/flir_cam/share/flir_cam
[0.945s] running install_egg_info
[0.946s] Copying build/flir_cam/flir_cam.egg-info to /home/temis/Desktop/sensors_ws/src/flir_cam/install/flir_cam/lib/python3.10/site-packages/flir_cam-0.0.0-py3.10.egg-info
[0.947s] running install_scripts
[0.964s] writing list of installed files to '/home/temis/Desktop/sensors_ws/src/flir_cam/build/flir_cam/install.log'
[0.982s] Invoked command in '/home/temis/Desktop/sensors_ws/src/flir_cam' returned '0': PYTHONPATH=/home/temis/Desktop/sensors_ws/src/flir_cam/build/flir_cam/prefix_override:/usr/lib/python3/dist-packages/colcon_core/task/python/colcon_distutils_commands:/home/temis/Desktop/sensors_ws/src/flir_cam/install/flir_cam/lib/python3.10/site-packages:${PYTHONPATH} /usr/bin/python3 -W ignore:setup.py install is deprecated -W ignore:easy_install command is deprecated setup.py egg_info --egg-base build/flir_cam build --build-base /home/temis/Desktop/sensors_ws/src/flir_cam/build/flir_cam/build install --record /home/temis/Desktop/sensors_ws/src/flir_cam/build/flir_cam/install.log --install-scripts $base/lib/flir_cam --single-version-externally-managed install_data
